smash> submitted by Eran
smash> smash> smash> smash> [1] ./printSignals.exe & : 5818 0 secs
[2] sleep 200& : 5819 0 secs
[3] sleep 300& : 5820 0 secs
smash> signal number 9 was sent to pid 5819
smash> smash> [1] ./printSignals.exe & : 5818 1 secs
[3] sleep 300& : 5820 1 secs
[4] sleep 400& : 5935 0 secs
smash> smash> smash> smash> smash> smash> signal number 9 was sent to pid 5935
smash> signal number 5 was sent to pid 5818
smash> received signal number: 5
