smash> smash> smash> smash> smash> smash> smash> smash> [1] sleep 100& : 28180 0 secs
[2] sleep 200& : 28181 0 secs
[3] sleep 300& : 28183 0 secs
[4] sleep 400& : 28184 0 secs
[5] sleep 20& : 28185 0 secs
[6] sleep 600& : 28186 0 secs
[7] sleep 700& : 28187 0 secs
smash> smash> smash> [1] sleep 100& : 28180 0 secs
[2] sleep 200& : 28181 0 secs
[3] sleep 300& : 28183 0 secs
[4] sleep 400& : 28184 0 secs
[5] sleep 20& : 28185 0 secs
[6] sleep 600& : 28186 0 secs
[7] sleep 700& : 28187 0 secs
[8] sleep 800& : 28188 0 secs
[9] sleep 900& : 28189 0 secs
smash> signal number 9 was sent to pid 28183
smash> [1] sleep 100& : 28180 1 secs
[2] sleep 200& : 28181 1 secs
[4] sleep 400& : 28184 1 secs
[5] sleep 20& : 28185 1 secs
[6] sleep 600& : 28186 1 secs
[7] sleep 700& : 28187 1 secs
[8] sleep 800& : 28188 1 secs
[9] sleep 900& : 28189 1 secs
smash> smash> [1] sleep 100& : 28180 1 secs
[2] sleep 200& : 28181 1 secs
[4] sleep 400& : 28184 1 secs
[5] sleep 20& : 28185 1 secs
[6] sleep 600& : 28186 1 secs
[7] sleep 700& : 28187 1 secs
[8] sleep 800& : 28188 1 secs
[9] sleep 900& : 28189 1 secs
[10] sleep 1000& : 28384 0 secs
smash> signal number 9 was sent to pid 28384
smash> [1] sleep 100& : 28180 3 secs
[2] sleep 200& : 28181 3 secs
[4] sleep 400& : 28184 3 secs
[5] sleep 20& : 28185 3 secs
[6] sleep 600& : 28186 3 secs
[7] sleep 700& : 28187 3 secs
[8] sleep 800& : 28188 3 secs
[9] sleep 900& : 28189 3 secs
smash> smash> [1] sleep 100& : 28180 3 secs
[2] sleep 200& : 28181 3 secs
[4] sleep 400& : 28184 3 secs
[5] sleep 20& : 28185 3 secs
[6] sleep 600& : 28186 3 secs
[7] sleep 700& : 28187 3 secs
[8] sleep 800& : 28188 3 secs
[9] sleep 900& : 28189 3 secs
[10] sleep 1001& : 28494 0 secs
smash> sleep 1001& : 28494
smash: got ctrl-Z
smash: process 28494 was stopped
smash> [1] sleep 100& : 28180 3 secs
[2] sleep 200& : 28181 3 secs
[4] sleep 400& : 28184 3 secs
[5] sleep 20& : 28185 3 secs
[6] sleep 600& : 28186 3 secs
[7] sleep 700& : 28187 3 secs
[8] sleep 800& : 28188 3 secs
[9] sleep 900& : 28189 3 secs
[10] sleep 1001& : 28494 0 secs (stopped)
smash> sleep 1001& : 28494
smash: got ctrl-Z
smash: process 28494 was stopped
smash> [1] sleep 100& : 28180 3 secs
[2] sleep 200& : 28181 3 secs
[4] sleep 400& : 28184 3 secs
[5] sleep 20& : 28185 3 secs
[6] sleep 600& : 28186 3 secs
[7] sleep 700& : 28187 3 secs
[8] sleep 800& : 28188 3 secs
[9] sleep 900& : 28189 3 secs
[10] sleep 1001& : 28494 0 secs (stopped)
smash> sleep 1001& : 28494
smash: got ctrl-Z
smash: process 28494 was stopped
smash> [1] sleep 100& : 28180 3 secs
[2] sleep 200& : 28181 3 secs
[4] sleep 400& : 28184 3 secs
[5] sleep 20& : 28185 3 secs
[6] sleep 600& : 28186 3 secs
[7] sleep 700& : 28187 3 secs
[8] sleep 800& : 28188 3 secs
[9] sleep 900& : 28189 3 secs
[10] sleep 1001& : 28494 0 secs (stopped)
smash> sleep 1001& : 28494
smash: got ctrl-Z
smash: process 28494 was stopped
smash> [1] sleep 100& : 28180 3 secs
[2] sleep 200& : 28181 3 secs
[4] sleep 400& : 28184 3 secs
[5] sleep 20& : 28185 3 secs
[6] sleep 600& : 28186 3 secs
[7] sleep 700& : 28187 3 secs
[8] sleep 800& : 28188 3 secs
[9] sleep 900& : 28189 3 secs
[10] sleep 1001& : 28494 0 secs (stopped)
smash> smash: got ctrl-C
[1] sleep 100& : 28180 4 secs
[2] sleep 200& : 28181 4 secs
[4] sleep 400& : 28184 4 secs
[5] sleep 20& : 28185 4 secs
[6] sleep 600& : 28186 4 secs
[7] sleep 700& : 28187 4 secs
[8] sleep 800& : 28188 4 secs
[9] sleep 900& : 28189 4 secs
[10] sleep 1001& : 28494 1 secs (stopped)
smash> smash: got ctrl-Z
smash: process 28634 was stopped
smash> [1] sleep 100& : 28180 7 secs
[2] sleep 200& : 28181 7 secs
[4] sleep 400& : 28184 7 secs
[5] sleep 20& : 28185 7 secs
[6] sleep 600& : 28186 7 secs
[7] sleep 700& : 28187 7 secs
[8] sleep 800& : 28188 7 secs
[9] sleep 900& : 28189 7 secs
[10] sleep 1001& : 28494 4 secs (stopped)
[11] sleep 1002 : 28634 0 secs (stopped)
smash> sleep 1002 : 28634
smash> [1] sleep 100& : 28180 7 secs
[2] sleep 200& : 28181 7 secs
[4] sleep 400& : 28184 7 secs
[5] sleep 20& : 28185 7 secs
[6] sleep 600& : 28186 7 secs
[7] sleep 700& : 28187 7 secs
[8] sleep 800& : 28188 7 secs
[9] sleep 900& : 28189 7 secs
[10] sleep 1001& : 28494 4 secs (stopped)
[11] sleep 1002 : 28634 0 secs
smash> smash: got ctrl-Z
smash: process 28902 was stopped
smash> 