smash> smash> smash pid is 5943
smash> smash: sending SIGKILL signal to 0 jobs:
