smash> smash> hello> hello> smash: got ctrl-Z
smash: process 28764 was stopped
hello> hello> 