smash> submitted by Eran
smash> smash> smash> smash> sleep 200& : 5559
smash: got ctrl-Z
smash: process 5559 was stopped
smash> [1] sleep 100& : 5558 1 secs
[2] sleep 200& : 5559 0 secs (stopped)
[3] sleep 300& : 5560 1 secs
smash> 