smash> smash> smash> smash: sending SIGKILL signal to 2 jobs:
5893: sleep 10000&
5894: sleep 10000&
