smash> smash> smash> smash> smash> smash> [1] sleep 100& : 28716 0 secs
smash> smash: sending SIGKILL signal to 1 jobs:
28716: sleep 100&
