smash> smash> smash> signal number 9 was sent to pid 28736
smash> smash: got ctrl-Z
