smash> smash> smash> smash> smash> smash> smash> smash> smash> smash> smash> smash: sending SIGKILL signal to 1 jobs:
5809: sleep 4&
