smash> smash> smash> smash> smash> smash pid is 5955
smash pid is 5955
smash pid is 5955
smash pid is 5955
smash> smash> smash pid is 5955
smash> smash: sending SIGKILL signal to 0 jobs:
