smash> smash> smash> sleep 1& : 28349
smash> smash> 