smash> smash: got ctrl-Z
smash: process 5600 was stopped
smash> [1] sleep 10 : 5600 0 secs (stopped)
smash> sleep 10 : 5600
smash> [1] sleep 10 : 5600 0 secs
smash> sleep 10 : 5600
smash: got ctrl-C
smash: process 5600 was killed
smash> smash: sending SIGKILL signal to 0 jobs:
