smash> smash> smash> [1] sleep 10& : 5650 0 secs
smash> smash> [1] sleep 10& : 5650 0 secs
[2] sleep 20& : 5651 0 secs
smash> smash> smash> [1] sleep 10& : 5650 0 secs
[2] sleep 20& : 5651 0 secs
[3] sleep 30& : 5653 0 secs
[4] sleep 40& : 5654 0 secs
smash> smash: sending SIGKILL signal to 4 jobs:
5650: sleep 10&
5651: sleep 20&
5653: sleep 30&
5654: sleep 40&
