smash> smash> smash> signal number 1 was sent to pid 28633
smash> received signal number: 1
smash: got ctrl-Z
