smash> smash> smash> [1] sleep 100& : 5630 0 secs
[2] sleep 200& : 5632 0 secs
smash> 