smash> smash pid is 5262
smash> smash pid is 5262
smash> smash> smash pid is 5262
smash> smash pid is 5262
smash> smash pid is 5262
smash> smash> 