smash> smash> smash> smash> smash> smash> smash> smash> smash> smash> smash> smash> smash> smash> signal number 9 was sent to pid 5249
smash> smash> smash> smash> smash> [1] sleep 7& : 5487 1 secs
smash> smash> [1] sleep 7& : 5487 1 secs
[2] sleep 5& : 5532 0 secs
smash> smash> [1] sleep 7& : 5487 2 secs
[2] sleep 5& : 5532 1 secs
[3] sleep 3& : 5533 1 secs
smash> smash> smash> smash> smash> 