smash> smash> smash> smash> smash> smash> sleep 300& : 5469
smash: got ctrl-C
smash: process 5469 was killed
smash> sleep 100& : 5466
smash: got ctrl-C
smash: process 5466 was killed
smash> sleep 200& : 5468
smash: got ctrl-C
smash: process 5468 was killed
smash> sleep 400& : 5470
smash: got ctrl-C
smash: process 5470 was killed
smash> sleep 500& : 5472
smash: got ctrl-C
smash: process 5472 was killed
smash> smash: sending SIGKILL signal to 0 jobs:
